I'm sorry, but errors were detected in your script. Please correct the
errors listed below, and try again.


File "game/script.rpy", line 29: expected 'label_name' not found.
    jump ../s1e1p1
        ^

Ren'Py Version: Ren'Py 8.1.3.23091805
Mon Dec  4 13:56:39 2023
